// Jest Snapshot v1, https://goo.gl/fbAQLP

exports[`<ZipCodeBrowser /> render() renders the component 1`] = `
<div>
  <LoadingIndicator />
</div>
`;
